-- The DELETE was not replayed so should show all 10 rows.
SELECT * FROM gpdb_pitr_table;
 num 
-----
   2
   3
   4
   7
   8
   5
   6
   9
  10
   1
(10 rows)

-- The INSERT happened after the restore point was created
-- so this table should be empty.
SELECT * FROM gpdb_restore_points;
 rpname | rplsn 
--------+-------
(0 rows)

